[7044:26004:0204/161048.268:WARNING:t_skinfilemap.cpp(63)] SGRenderLog:CheckUpdate newMem.OpenMem Suc, szNewMem:Local\sgime_skin.v5.filemap.sogouime
[7044:26004:0204/161048.268:WARNING:t_skinfilemap.cpp(65)] SGRenderLog:CheckUpdate finish: old version:1
[7044:26004:0204/161048.268:WARNING:t_skinfilemap.cpp(67)] SGRenderLog:CheckUpdate finish: new version:5
[7044:26004:0204/162405.229:WARNING:t_skinfilemap.cpp(63)] SGRenderLog:CheckUpdate newMem.OpenMem Suc, szNewMem:Local\sgime_skin.v5.filemap.sogouime
[7044:26004:0204/162405.230:WARNING:t_skinfilemap.cpp(65)] SGRenderLog:CheckUpdate finish: old version:1
[7044:26004:0204/162405.230:WARNING:t_skinfilemap.cpp(67)] SGRenderLog:CheckUpdate finish: new version:5
[7044:26004:0204/162405.264:WARNING:t_skinfilemap.cpp(63)] SGRenderLog:CheckUpdate newMem.OpenMem Suc, szNewMem:Local\sgime_skin.v5.filemap.sogouime
[7044:26004:0204/162405.264:WARNING:t_skinfilemap.cpp(65)] SGRenderLog:CheckUpdate finish: old version:5
[7044:26004:0204/162405.264:WARNING:t_skinfilemap.cpp(67)] SGRenderLog:CheckUpdate finish: new version:5
[4896:35748:0204/162516.519:WARNING:t_skinfilemap.cpp(63)] SGRenderLog:CheckUpdate newMem.OpenMem Suc, szNewMem:Local\sgime_skin.v5.filemap.sogouime
[4896:35748:0204/162516.520:WARNING:t_skinfilemap.cpp(65)] SGRenderLog:CheckUpdate finish: old version:1
[4896:35748:0204/162516.520:WARNING:t_skinfilemap.cpp(67)] SGRenderLog:CheckUpdate finish: new version:5
[24920:10544:0204/171227.085:WARNING:t_skinfilemap.cpp(63)] SGRenderLog:CheckUpdate newMem.OpenMem Suc, szNewMem:Local\sgime_skin.v5.filemap.sogouime
[24920:10544:0204/171227.085:WARNING:t_skinfilemap.cpp(65)] SGRenderLog:CheckUpdate finish: old version:1
[24920:10544:0204/171227.085:WARNING:t_skinfilemap.cpp(67)] SGRenderLog:CheckUpdate finish: new version:5
[29492:23260:0205/105244.041:WARNING:t_skinfilemap.cpp(63)] SGRenderLog:CheckUpdate newMem.OpenMem Suc, szNewMem:Local\sgime_skin.v5.filemap.sogouime
[29492:23260:0205/105244.041:WARNING:t_skinfilemap.cpp(65)] SGRenderLog:CheckUpdate finish: old version:1
[29492:23260:0205/105244.041:WARNING:t_skinfilemap.cpp(67)] SGRenderLog:CheckUpdate finish: new version:5
[3032:14084:0205/133853.462:WARNING:t_skinfilemap.cpp(63)] SGRenderLog:CheckUpdate newMem.OpenMem Suc, szNewMem:Local\sgime_skin.v7.filemap.sogouime
[3032:14084:0205/133853.462:WARNING:t_skinfilemap.cpp(65)] SGRenderLog:CheckUpdate finish: old version:1
[3032:14084:0205/133853.462:WARNING:t_skinfilemap.cpp(67)] SGRenderLog:CheckUpdate finish: new version:7
[33688:23164:0205/172540.597:WARNING:t_skinfilemap.cpp(63)] SGRenderLog:CheckUpdate newMem.OpenMem Suc, szNewMem:Local\sgime_skin.v7.filemap.sogouime
[33688:23164:0205/172540.597:WARNING:t_skinfilemap.cpp(65)] SGRenderLog:CheckUpdate finish: old version:1
[33688:23164:0205/172540.597:WARNING:t_skinfilemap.cpp(67)] SGRenderLog:CheckUpdate finish: new version:7
[34192:20688:0205/172558.985:WARNING:t_skinfilemap.cpp(63)] SGRenderLog:CheckUpdate newMem.OpenMem Suc, szNewMem:Local\sgime_skin.v7.filemap.sogouime
[34192:20688:0205/172558.985:WARNING:t_skinfilemap.cpp(65)] SGRenderLog:CheckUpdate finish: old version:1
[34192:20688:0205/172558.985:WARNING:t_skinfilemap.cpp(67)] SGRenderLog:CheckUpdate finish: new version:7
[34192:20688:0205/172559.009:WARNING:t_skinfilemap.cpp(63)] SGRenderLog:CheckUpdate newMem.OpenMem Suc, szNewMem:Local\sgime_skin.Dpi144.v7.filemap.sogouime
[34192:20688:0205/172559.009:WARNING:t_skinfilemap.cpp(65)] SGRenderLog:CheckUpdate finish: old version:7
[34192:20688:0205/172559.009:WARNING:t_skinfilemap.cpp(67)] SGRenderLog:CheckUpdate finish: new version:7
[34192:20688:0205/172559.558:WARNING:t_skinfilemap.cpp(63)] SGRenderLog:CheckUpdate newMem.OpenMem Suc, szNewMem:Local\sgime_skin.v7.filemap.sogouime
[34192:20688:0205/172559.558:WARNING:t_skinfilemap.cpp(65)] SGRenderLog:CheckUpdate finish: old version:7
[34192:20688:0205/172559.558:WARNING:t_skinfilemap.cpp(67)] SGRenderLog:CheckUpdate finish: new version:7
[34400:2116:0205/172610.500:WARNING:t_skinfilemap.cpp(63)] SGRenderLog:CheckUpdate newMem.OpenMem Suc, szNewMem:Local\sgime_skin.v7.filemap.sogouime
[34400:2116:0205/172610.500:WARNING:t_skinfilemap.cpp(65)] SGRenderLog:CheckUpdate finish: old version:1
[34400:2116:0205/172610.500:WARNING:t_skinfilemap.cpp(67)] SGRenderLog:CheckUpdate finish: new version:7
[34400:2116:0205/172610.519:WARNING:t_skinfilemap.cpp(63)] SGRenderLog:CheckUpdate newMem.OpenMem Suc, szNewMem:Local\sgime_skin.Dpi144.v7.filemap.sogouime
[34400:2116:0205/172610.519:WARNING:t_skinfilemap.cpp(65)] SGRenderLog:CheckUpdate finish: old version:7
[34400:2116:0205/172610.519:WARNING:t_skinfilemap.cpp(67)] SGRenderLog:CheckUpdate finish: new version:7
[34400:2116:0205/172610.888:WARNING:t_skinfilemap.cpp(63)] SGRenderLog:CheckUpdate newMem.OpenMem Suc, szNewMem:Local\sgime_skin.v7.filemap.sogouime
[34400:2116:0205/172610.888:WARNING:t_skinfilemap.cpp(65)] SGRenderLog:CheckUpdate finish: old version:7
[34400:2116:0205/172610.888:WARNING:t_skinfilemap.cpp(67)] SGRenderLog:CheckUpdate finish: new version:7
[24192:18836:0205/172625.940:WARNING:t_skinfilemap.cpp(63)] SGRenderLog:CheckUpdate newMem.OpenMem Suc, szNewMem:Local\sgime_skin.v7.filemap.sogouime
[24192:18836:0205/172625.940:WARNING:t_skinfilemap.cpp(65)] SGRenderLog:CheckUpdate finish: old version:1
[24192:18836:0205/172625.940:WARNING:t_skinfilemap.cpp(67)] SGRenderLog:CheckUpdate finish: new version:7
[24192:18836:0205/172625.955:WARNING:t_skinfilemap.cpp(63)] SGRenderLog:CheckUpdate newMem.OpenMem Suc, szNewMem:Local\sgime_skin.Dpi144.v7.filemap.sogouime
[24192:18836:0205/172625.955:WARNING:t_skinfilemap.cpp(65)] SGRenderLog:CheckUpdate finish: old version:7
[24192:18836:0205/172625.955:WARNING:t_skinfilemap.cpp(67)] SGRenderLog:CheckUpdate finish: new version:7
[24192:18836:0205/172626.321:WARNING:t_skinfilemap.cpp(63)] SGRenderLog:CheckUpdate newMem.OpenMem Suc, szNewMem:Local\sgime_skin.v7.filemap.sogouime
[24192:18836:0205/172626.321:WARNING:t_skinfilemap.cpp(65)] SGRenderLog:CheckUpdate finish: old version:7
[24192:18836:0205/172626.321:WARNING:t_skinfilemap.cpp(67)] SGRenderLog:CheckUpdate finish: new version:7
[33688:23164:0206/092314.863:WARNING:t_skinfilemap.cpp(63)] SGRenderLog:CheckUpdate newMem.OpenMem Suc, szNewMem:Local\sgime_skin.v8.filemap.sogouime
[33688:23164:0206/092314.863:WARNING:t_skinfilemap.cpp(65)] SGRenderLog:CheckUpdate finish: old version:7
[33688:23164:0206/092314.863:WARNING:t_skinfilemap.cpp(67)] SGRenderLog:CheckUpdate finish: new version:8
[40440:35236:0206/092541.548:WARNING:t_skinfilemap.cpp(63)] SGRenderLog:CheckUpdate newMem.OpenMem Suc, szNewMem:Local\sgime_skin.v8.filemap.sogouime
[40440:35236:0206/092541.548:WARNING:t_skinfilemap.cpp(65)] SGRenderLog:CheckUpdate finish: old version:1
[40440:35236:0206/092541.548:WARNING:t_skinfilemap.cpp(67)] SGRenderLog:CheckUpdate finish: new version:8
[40440:35236:0206/092541.564:WARNING:t_skinfilemap.cpp(63)] SGRenderLog:CheckUpdate newMem.OpenMem Suc, szNewMem:Local\sgime_skin.Dpi144.v8.filemap.sogouime
[40440:35236:0206/092541.564:WARNING:t_skinfilemap.cpp(65)] SGRenderLog:CheckUpdate finish: old version:8
[40440:35236:0206/092541.564:WARNING:t_skinfilemap.cpp(67)] SGRenderLog:CheckUpdate finish: new version:8
[40440:35236:0206/092542.087:WARNING:t_skinfilemap.cpp(63)] SGRenderLog:CheckUpdate newMem.OpenMem Suc, szNewMem:Local\sgime_skin.v8.filemap.sogouime
[40440:35236:0206/092542.087:WARNING:t_skinfilemap.cpp(65)] SGRenderLog:CheckUpdate finish: old version:8
[40440:35236:0206/092542.087:WARNING:t_skinfilemap.cpp(67)] SGRenderLog:CheckUpdate finish: new version:8
[13188:25684:0206/092630.941:WARNING:t_skinfilemap.cpp(63)] SGRenderLog:CheckUpdate newMem.OpenMem Suc, szNewMem:Local\sgime_skin.v8.filemap.sogouime
[13188:25684:0206/092630.941:WARNING:t_skinfilemap.cpp(65)] SGRenderLog:CheckUpdate finish: old version:1
[13188:25684:0206/092630.941:WARNING:t_skinfilemap.cpp(67)] SGRenderLog:CheckUpdate finish: new version:8
[13188:25684:0206/092630.963:WARNING:t_skinfilemap.cpp(63)] SGRenderLog:CheckUpdate newMem.OpenMem Suc, szNewMem:Local\sgime_skin.Dpi144.v8.filemap.sogouime
[13188:25684:0206/092630.963:WARNING:t_skinfilemap.cpp(65)] SGRenderLog:CheckUpdate finish: old version:8
[13188:25684:0206/092630.963:WARNING:t_skinfilemap.cpp(67)] SGRenderLog:CheckUpdate finish: new version:8
[13188:25684:0206/092631.331:WARNING:t_skinfilemap.cpp(63)] SGRenderLog:CheckUpdate newMem.OpenMem Suc, szNewMem:Local\sgime_skin.v8.filemap.sogouime
[13188:25684:0206/092631.331:WARNING:t_skinfilemap.cpp(65)] SGRenderLog:CheckUpdate finish: old version:8
[13188:25684:0206/092631.331:WARNING:t_skinfilemap.cpp(67)] SGRenderLog:CheckUpdate finish: new version:8
[27832:8604:0206/092702.741:WARNING:t_skinfilemap.cpp(63)] SGRenderLog:CheckUpdate newMem.OpenMem Suc, szNewMem:Local\sgime_skin.v8.filemap.sogouime
[27832:8604:0206/092702.741:WARNING:t_skinfilemap.cpp(65)] SGRenderLog:CheckUpdate finish: old version:1
[27832:8604:0206/092702.741:WARNING:t_skinfilemap.cpp(67)] SGRenderLog:CheckUpdate finish: new version:8
[27832:8604:0206/092702.758:WARNING:t_skinfilemap.cpp(63)] SGRenderLog:CheckUpdate newMem.OpenMem Suc, szNewMem:Local\sgime_skin.Dpi144.v8.filemap.sogouime
[27832:8604:0206/092702.758:WARNING:t_skinfilemap.cpp(65)] SGRenderLog:CheckUpdate finish: old version:8
[27832:8604:0206/092702.758:WARNING:t_skinfilemap.cpp(67)] SGRenderLog:CheckUpdate finish: new version:8
[27832:8604:0206/092703.121:WARNING:t_skinfilemap.cpp(63)] SGRenderLog:CheckUpdate newMem.OpenMem Suc, szNewMem:Local\sgime_skin.v8.filemap.sogouime
[27832:8604:0206/092703.121:WARNING:t_skinfilemap.cpp(65)] SGRenderLog:CheckUpdate finish: old version:8
[27832:8604:0206/092703.121:WARNING:t_skinfilemap.cpp(67)] SGRenderLog:CheckUpdate finish: new version:8
[20660:28240:0206/093410.975:WARNING:t_skinfilemap.cpp(63)] SGRenderLog:CheckUpdate newMem.OpenMem Suc, szNewMem:Local\sgime_skin.v8.filemap.sogouime
[20660:28240:0206/093410.975:WARNING:t_skinfilemap.cpp(65)] SGRenderLog:CheckUpdate finish: old version:1
[20660:28240:0206/093410.975:WARNING:t_skinfilemap.cpp(67)] SGRenderLog:CheckUpdate finish: new version:8
[20660:28240:0206/093411.002:WARNING:t_skinfilemap.cpp(63)] SGRenderLog:CheckUpdate newMem.OpenMem Suc, szNewMem:Local\sgime_skin.Dpi144.v8.filemap.sogouime
[20660:28240:0206/093411.002:WARNING:t_skinfilemap.cpp(65)] SGRenderLog:CheckUpdate finish: old version:8
[20660:28240:0206/093411.002:WARNING:t_skinfilemap.cpp(67)] SGRenderLog:CheckUpdate finish: new version:8
[37080:24172:0206/093459.762:WARNING:t_skinfilemap.cpp(63)] SGRenderLog:CheckUpdate newMem.OpenMem Suc, szNewMem:Local\sgime_skin.v8.filemap.sogouime
[37080:24172:0206/093459.762:WARNING:t_skinfilemap.cpp(65)] SGRenderLog:CheckUpdate finish: old version:1
[37080:24172:0206/093459.762:WARNING:t_skinfilemap.cpp(67)] SGRenderLog:CheckUpdate finish: new version:8
[37080:24172:0206/093459.784:WARNING:t_skinfilemap.cpp(63)] SGRenderLog:CheckUpdate newMem.OpenMem Suc, szNewMem:Local\sgime_skin.Dpi144.v8.filemap.sogouime
[37080:24172:0206/093459.784:WARNING:t_skinfilemap.cpp(65)] SGRenderLog:CheckUpdate finish: old version:8
[37080:24172:0206/093459.784:WARNING:t_skinfilemap.cpp(67)] SGRenderLog:CheckUpdate finish: new version:8
[34488:19132:0206/093507.987:WARNING:t_skinfilemap.cpp(63)] SGRenderLog:CheckUpdate newMem.OpenMem Suc, szNewMem:Local\sgime_skin.v8.filemap.sogouime
[34488:19132:0206/093507.987:WARNING:t_skinfilemap.cpp(65)] SGRenderLog:CheckUpdate finish: old version:1
[34488:19132:0206/093507.987:WARNING:t_skinfilemap.cpp(67)] SGRenderLog:CheckUpdate finish: new version:8
[34488:19132:0206/093508.005:WARNING:t_skinfilemap.cpp(63)] SGRenderLog:CheckUpdate newMem.OpenMem Suc, szNewMem:Local\sgime_skin.Dpi144.v8.filemap.sogouime
[34488:19132:0206/093508.005:WARNING:t_skinfilemap.cpp(65)] SGRenderLog:CheckUpdate finish: old version:8
[34488:19132:0206/093508.005:WARNING:t_skinfilemap.cpp(67)] SGRenderLog:CheckUpdate finish: new version:8
[35444:39132:0206/093521.683:WARNING:t_skinfilemap.cpp(63)] SGRenderLog:CheckUpdate newMem.OpenMem Suc, szNewMem:Local\sgime_skin.v8.filemap.sogouime
[35444:39132:0206/093521.683:WARNING:t_skinfilemap.cpp(65)] SGRenderLog:CheckUpdate finish: old version:1
[35444:39132:0206/093521.683:WARNING:t_skinfilemap.cpp(67)] SGRenderLog:CheckUpdate finish: new version:8
[35444:39132:0206/093521.765:WARNING:t_skinfilemap.cpp(63)] SGRenderLog:CheckUpdate newMem.OpenMem Suc, szNewMem:Local\sgime_skin.Dpi144.v8.filemap.sogouime
[35444:39132:0206/093521.765:WARNING:t_skinfilemap.cpp(65)] SGRenderLog:CheckUpdate finish: old version:8
[35444:39132:0206/093521.765:WARNING:t_skinfilemap.cpp(67)] SGRenderLog:CheckUpdate finish: new version:8
[30972:33456:0206/093545.751:WARNING:t_skinfilemap.cpp(63)] SGRenderLog:CheckUpdate newMem.OpenMem Suc, szNewMem:Local\sgime_skin.v8.filemap.sogouime
[30972:33456:0206/093545.751:WARNING:t_skinfilemap.cpp(65)] SGRenderLog:CheckUpdate finish: old version:1
[30972:33456:0206/093545.751:WARNING:t_skinfilemap.cpp(67)] SGRenderLog:CheckUpdate finish: new version:8
[30972:33456:0206/093545.819:WARNING:t_skinfilemap.cpp(63)] SGRenderLog:CheckUpdate newMem.OpenMem Suc, szNewMem:Local\sgime_skin.Dpi144.v8.filemap.sogouime
[30972:33456:0206/093545.819:WARNING:t_skinfilemap.cpp(65)] SGRenderLog:CheckUpdate finish: old version:8
[30972:33456:0206/093545.819:WARNING:t_skinfilemap.cpp(67)] SGRenderLog:CheckUpdate finish: new version:8
[18320:20996:0206/093645.193:WARNING:t_skinfilemap.cpp(63)] SGRenderLog:CheckUpdate newMem.OpenMem Suc, szNewMem:Local\sgime_skin.v8.filemap.sogouime
[18320:20996:0206/093645.193:WARNING:t_skinfilemap.cpp(65)] SGRenderLog:CheckUpdate finish: old version:1
[18320:20996:0206/093645.193:WARNING:t_skinfilemap.cpp(67)] SGRenderLog:CheckUpdate finish: new version:8
[18320:20996:0206/093645.239:WARNING:t_skinfilemap.cpp(63)] SGRenderLog:CheckUpdate newMem.OpenMem Suc, szNewMem:Local\sgime_skin.Dpi144.v8.filemap.sogouime
[18320:20996:0206/093645.239:WARNING:t_skinfilemap.cpp(65)] SGRenderLog:CheckUpdate finish: old version:8
[18320:20996:0206/093645.239:WARNING:t_skinfilemap.cpp(67)] SGRenderLog:CheckUpdate finish: new version:8
[28452:35832:0206/093813.130:WARNING:t_skinfilemap.cpp(63)] SGRenderLog:CheckUpdate newMem.OpenMem Suc, szNewMem:Local\sgime_skin.v8.filemap.sogouime
[28452:35832:0206/093813.130:WARNING:t_skinfilemap.cpp(65)] SGRenderLog:CheckUpdate finish: old version:1
[28452:35832:0206/093813.130:WARNING:t_skinfilemap.cpp(67)] SGRenderLog:CheckUpdate finish: new version:8
[28452:35832:0206/093813.145:WARNING:t_skinfilemap.cpp(63)] SGRenderLog:CheckUpdate newMem.OpenMem Suc, szNewMem:Local\sgime_skin.Dpi144.v8.filemap.sogouime
[28452:35832:0206/093813.145:WARNING:t_skinfilemap.cpp(65)] SGRenderLog:CheckUpdate finish: old version:8
[28452:35832:0206/093813.145:WARNING:t_skinfilemap.cpp(67)] SGRenderLog:CheckUpdate finish: new version:8
[36676:36852:0206/100744.854:WARNING:t_skinfilemap.cpp(63)] SGRenderLog:CheckUpdate newMem.OpenMem Suc, szNewMem:Local\sgime_skin.v8.filemap.sogouime
[36676:36852:0206/100744.854:WARNING:t_skinfilemap.cpp(65)] SGRenderLog:CheckUpdate finish: old version:1
[36676:36852:0206/100744.854:WARNING:t_skinfilemap.cpp(67)] SGRenderLog:CheckUpdate finish: new version:8
[33784:20412:0206/100825.809:WARNING:t_skinfilemap.cpp(63)] SGRenderLog:CheckUpdate newMem.OpenMem Suc, szNewMem:Local\sgime_skin.v8.filemap.sogouime
[33784:20412:0206/100825.809:WARNING:t_skinfilemap.cpp(65)] SGRenderLog:CheckUpdate finish: old version:1
[33784:20412:0206/100825.809:WARNING:t_skinfilemap.cpp(67)] SGRenderLog:CheckUpdate finish: new version:8
[33784:20412:0206/100825.845:WARNING:t_skinfilemap.cpp(63)] SGRenderLog:CheckUpdate newMem.OpenMem Suc, szNewMem:Local\sgime_skin.Dpi144.v8.filemap.sogouime
[33784:20412:0206/100825.845:WARNING:t_skinfilemap.cpp(65)] SGRenderLog:CheckUpdate finish: old version:8
[33784:20412:0206/100825.845:WARNING:t_skinfilemap.cpp(67)] SGRenderLog:CheckUpdate finish: new version:8
[33784:20412:0206/100826.299:WARNING:t_skinfilemap.cpp(63)] SGRenderLog:CheckUpdate newMem.OpenMem Suc, szNewMem:Local\sgime_skin.v8.filemap.sogouime
[33784:20412:0206/100826.299:WARNING:t_skinfilemap.cpp(65)] SGRenderLog:CheckUpdate finish: old version:8
[33784:20412:0206/100826.299:WARNING:t_skinfilemap.cpp(67)] SGRenderLog:CheckUpdate finish: new version:8
[35348:38052:0206/100837.726:WARNING:t_skinfilemap.cpp(63)] SGRenderLog:CheckUpdate newMem.OpenMem Suc, szNewMem:Local\sgime_skin.v8.filemap.sogouime
[35348:38052:0206/100837.728:WARNING:t_skinfilemap.cpp(65)] SGRenderLog:CheckUpdate finish: old version:1
[35348:38052:0206/100837.728:WARNING:t_skinfilemap.cpp(67)] SGRenderLog:CheckUpdate finish: new version:8
[35348:38052:0206/100837.750:WARNING:t_skinfilemap.cpp(63)] SGRenderLog:CheckUpdate newMem.OpenMem Suc, szNewMem:Local\sgime_skin.Dpi144.v8.filemap.sogouime
[35348:38052:0206/100837.750:WARNING:t_skinfilemap.cpp(65)] SGRenderLog:CheckUpdate finish: old version:8
[35348:38052:0206/100837.750:WARNING:t_skinfilemap.cpp(67)] SGRenderLog:CheckUpdate finish: new version:8
[35348:38052:0206/100838.157:WARNING:t_skinfilemap.cpp(63)] SGRenderLog:CheckUpdate newMem.OpenMem Suc, szNewMem:Local\sgime_skin.v8.filemap.sogouime
[35348:38052:0206/100838.157:WARNING:t_skinfilemap.cpp(65)] SGRenderLog:CheckUpdate finish: old version:8
[35348:38052:0206/100838.157:WARNING:t_skinfilemap.cpp(67)] SGRenderLog:CheckUpdate finish: new version:8
[18056:23684:0206/100850.624:WARNING:t_skinfilemap.cpp(63)] SGRenderLog:CheckUpdate newMem.OpenMem Suc, szNewMem:Local\sgime_skin.v8.filemap.sogouime
[18056:23684:0206/100850.624:WARNING:t_skinfilemap.cpp(65)] SGRenderLog:CheckUpdate finish: old version:1
[18056:23684:0206/100850.624:WARNING:t_skinfilemap.cpp(67)] SGRenderLog:CheckUpdate finish: new version:8
[18056:23684:0206/100850.639:WARNING:t_skinfilemap.cpp(63)] SGRenderLog:CheckUpdate newMem.OpenMem Suc, szNewMem:Local\sgime_skin.Dpi144.v8.filemap.sogouime
[18056:23684:0206/100850.639:WARNING:t_skinfilemap.cpp(65)] SGRenderLog:CheckUpdate finish: old version:8
[18056:23684:0206/100850.639:WARNING:t_skinfilemap.cpp(67)] SGRenderLog:CheckUpdate finish: new version:8
[18056:23684:0206/100851.064:WARNING:t_skinfilemap.cpp(63)] SGRenderLog:CheckUpdate newMem.OpenMem Suc, szNewMem:Local\sgime_skin.v8.filemap.sogouime
[18056:23684:0206/100851.064:WARNING:t_skinfilemap.cpp(65)] SGRenderLog:CheckUpdate finish: old version:8
[18056:23684:0206/100851.064:WARNING:t_skinfilemap.cpp(67)] SGRenderLog:CheckUpdate finish: new version:8
[38044:12856:0206/100901.494:WARNING:t_skinfilemap.cpp(63)] SGRenderLog:CheckUpdate newMem.OpenMem Suc, szNewMem:Local\sgime_skin.v8.filemap.sogouime
[38044:12856:0206/100901.495:WARNING:t_skinfilemap.cpp(65)] SGRenderLog:CheckUpdate finish: old version:1
[38044:12856:0206/100901.495:WARNING:t_skinfilemap.cpp(67)] SGRenderLog:CheckUpdate finish: new version:8
[38044:12856:0206/100901.512:WARNING:t_skinfilemap.cpp(63)] SGRenderLog:CheckUpdate newMem.OpenMem Suc, szNewMem:Local\sgime_skin.Dpi144.v8.filemap.sogouime
[38044:12856:0206/100901.512:WARNING:t_skinfilemap.cpp(65)] SGRenderLog:CheckUpdate finish: old version:8
[38044:12856:0206/100901.512:WARNING:t_skinfilemap.cpp(67)] SGRenderLog:CheckUpdate finish: new version:8
[40412:35020:0206/100938.703:WARNING:t_skinfilemap.cpp(63)] SGRenderLog:CheckUpdate newMem.OpenMem Suc, szNewMem:Local\sgime_skin.v8.filemap.sogouime
[40412:35020:0206/100938.703:WARNING:t_skinfilemap.cpp(65)] SGRenderLog:CheckUpdate finish: old version:1
[40412:35020:0206/100938.703:WARNING:t_skinfilemap.cpp(67)] SGRenderLog:CheckUpdate finish: new version:8
[40412:35020:0206/100938.726:WARNING:t_skinfilemap.cpp(63)] SGRenderLog:CheckUpdate newMem.OpenMem Suc, szNewMem:Local\sgime_skin.Dpi144.v8.filemap.sogouime
[40412:35020:0206/100938.726:WARNING:t_skinfilemap.cpp(65)] SGRenderLog:CheckUpdate finish: old version:8
[40412:35020:0206/100938.726:WARNING:t_skinfilemap.cpp(67)] SGRenderLog:CheckUpdate finish: new version:8
[4556:18500:0206/102332.666:WARNING:t_skinfilemap.cpp(63)] SGRenderLog:CheckUpdate newMem.OpenMem Suc, szNewMem:Local\sgime_skin.v8.filemap.sogouime
[4556:18500:0206/102332.666:WARNING:t_skinfilemap.cpp(65)] SGRenderLog:CheckUpdate finish: old version:1
[4556:18500:0206/102332.666:WARNING:t_skinfilemap.cpp(67)] SGRenderLog:CheckUpdate finish: new version:8
[12616:36056:0206/102352.511:WARNING:t_skinfilemap.cpp(63)] SGRenderLog:CheckUpdate newMem.OpenMem Suc, szNewMem:Local\sgime_skin.v8.filemap.sogouime
[12616:36056:0206/102352.511:WARNING:t_skinfilemap.cpp(65)] SGRenderLog:CheckUpdate finish: old version:1
[12616:36056:0206/102352.511:WARNING:t_skinfilemap.cpp(67)] SGRenderLog:CheckUpdate finish: new version:8
[12616:36056:0206/102352.527:WARNING:t_skinfilemap.cpp(63)] SGRenderLog:CheckUpdate newMem.OpenMem Suc, szNewMem:Local\sgime_skin.Dpi144.v8.filemap.sogouime
[12616:36056:0206/102352.527:WARNING:t_skinfilemap.cpp(65)] SGRenderLog:CheckUpdate finish: old version:8
[12616:36056:0206/102352.527:WARNING:t_skinfilemap.cpp(67)] SGRenderLog:CheckUpdate finish: new version:8
[12616:36056:0206/102353.017:WARNING:t_skinfilemap.cpp(63)] SGRenderLog:CheckUpdate newMem.OpenMem Suc, szNewMem:Local\sgime_skin.v8.filemap.sogouime
[12616:36056:0206/102353.017:WARNING:t_skinfilemap.cpp(65)] SGRenderLog:CheckUpdate finish: old version:8
[12616:36056:0206/102353.017:WARNING:t_skinfilemap.cpp(67)] SGRenderLog:CheckUpdate finish: new version:8
[1952:33908:0206/102409.822:WARNING:t_skinfilemap.cpp(63)] SGRenderLog:CheckUpdate newMem.OpenMem Suc, szNewMem:Local\sgime_skin.v8.filemap.sogouime
[1952:33908:0206/102409.822:WARNING:t_skinfilemap.cpp(65)] SGRenderLog:CheckUpdate finish: old version:1
[1952:33908:0206/102409.822:WARNING:t_skinfilemap.cpp(67)] SGRenderLog:CheckUpdate finish: new version:8
[1952:33908:0206/102409.843:WARNING:t_skinfilemap.cpp(63)] SGRenderLog:CheckUpdate newMem.OpenMem Suc, szNewMem:Local\sgime_skin.Dpi144.v8.filemap.sogouime
[1952:33908:0206/102409.843:WARNING:t_skinfilemap.cpp(65)] SGRenderLog:CheckUpdate finish: old version:8
[1952:33908:0206/102409.843:WARNING:t_skinfilemap.cpp(67)] SGRenderLog:CheckUpdate finish: new version:8
[1952:33908:0206/102410.275:WARNING:t_skinfilemap.cpp(63)] SGRenderLog:CheckUpdate newMem.OpenMem Suc, szNewMem:Local\sgime_skin.v8.filemap.sogouime
[1952:33908:0206/102410.275:WARNING:t_skinfilemap.cpp(65)] SGRenderLog:CheckUpdate finish: old version:8
[1952:33908:0206/102410.275:WARNING:t_skinfilemap.cpp(67)] SGRenderLog:CheckUpdate finish: new version:8
[18268:19012:0206/102426.246:WARNING:t_skinfilemap.cpp(63)] SGRenderLog:CheckUpdate newMem.OpenMem Suc, szNewMem:Local\sgime_skin.v8.filemap.sogouime
[18268:19012:0206/102426.246:WARNING:t_skinfilemap.cpp(65)] SGRenderLog:CheckUpdate finish: old version:1
[18268:19012:0206/102426.246:WARNING:t_skinfilemap.cpp(67)] SGRenderLog:CheckUpdate finish: new version:8
[18268:19012:0206/102426.268:WARNING:t_skinfilemap.cpp(63)] SGRenderLog:CheckUpdate newMem.OpenMem Suc, szNewMem:Local\sgime_skin.Dpi144.v8.filemap.sogouime
[18268:19012:0206/102426.268:WARNING:t_skinfilemap.cpp(65)] SGRenderLog:CheckUpdate finish: old version:8
[18268:19012:0206/102426.268:WARNING:t_skinfilemap.cpp(67)] SGRenderLog:CheckUpdate finish: new version:8
[38420:31524:0206/102547.841:WARNING:t_skinfilemap.cpp(63)] SGRenderLog:CheckUpdate newMem.OpenMem Suc, szNewMem:Local\sgime_skin.v8.filemap.sogouime
[38420:31524:0206/102547.841:WARNING:t_skinfilemap.cpp(65)] SGRenderLog:CheckUpdate finish: old version:1
[38420:31524:0206/102547.841:WARNING:t_skinfilemap.cpp(67)] SGRenderLog:CheckUpdate finish: new version:8
[38420:31524:0206/102547.859:WARNING:t_skinfilemap.cpp(63)] SGRenderLog:CheckUpdate newMem.OpenMem Suc, szNewMem:Local\sgime_skin.Dpi144.v8.filemap.sogouime
[38420:31524:0206/102547.859:WARNING:t_skinfilemap.cpp(65)] SGRenderLog:CheckUpdate finish: old version:8
[38420:31524:0206/102547.859:WARNING:t_skinfilemap.cpp(67)] SGRenderLog:CheckUpdate finish: new version:8
[2220:19668:0206/102604.402:WARNING:t_skinfilemap.cpp(63)] SGRenderLog:CheckUpdate newMem.OpenMem Suc, szNewMem:Local\sgime_skin.v8.filemap.sogouime
[2220:19668:0206/102604.402:WARNING:t_skinfilemap.cpp(65)] SGRenderLog:CheckUpdate finish: old version:1
[2220:19668:0206/102604.402:WARNING:t_skinfilemap.cpp(67)] SGRenderLog:CheckUpdate finish: new version:8
[2220:19668:0206/102604.419:WARNING:t_skinfilemap.cpp(63)] SGRenderLog:CheckUpdate newMem.OpenMem Suc, szNewMem:Local\sgime_skin.Dpi144.v8.filemap.sogouime
[2220:19668:0206/102604.419:WARNING:t_skinfilemap.cpp(65)] SGRenderLog:CheckUpdate finish: old version:8
[2220:19668:0206/102604.419:WARNING:t_skinfilemap.cpp(67)] SGRenderLog:CheckUpdate finish: new version:8
[2220:19668:0206/102604.842:WARNING:t_skinfilemap.cpp(63)] SGRenderLog:CheckUpdate newMem.OpenMem Suc, szNewMem:Local\sgime_skin.v8.filemap.sogouime
[2220:19668:0206/102604.842:WARNING:t_skinfilemap.cpp(65)] SGRenderLog:CheckUpdate finish: old version:8
[2220:19668:0206/102604.842:WARNING:t_skinfilemap.cpp(67)] SGRenderLog:CheckUpdate finish: new version:8
[33352:25988:0206/102946.082:WARNING:t_skinfilemap.cpp(56)] SGRenderLog:CheckUpdate newMem.OpenMem failed, szNewMem:Local\sgime_skin.v9.filemap.sogouime err:系统错误2: 系统找不到指定的文件。  
打开Filemap失败: Local\sgime_skin.v9.filemap.sogouime1570c2ba27
[33352:25988:0206/102946.082:WARNING:t_skinfilemap.cpp(65)] SGRenderLog:CheckUpdate finish: old version:1
[33352:25988:0206/102946.082:WARNING:t_skinfilemap.cpp(67)] SGRenderLog:CheckUpdate finish: new version:9
[17400:13152:0206/102951.084:WARNING:t_skinfilemap.cpp(63)] SGRenderLog:CheckUpdate newMem.OpenMem Suc, szNewMem:Local\sgime_skin.v9.filemap.sogouime
[17400:13152:0206/102951.084:WARNING:t_skinfilemap.cpp(65)] SGRenderLog:CheckUpdate finish: old version:1
[17400:13152:0206/102951.084:WARNING:t_skinfilemap.cpp(67)] SGRenderLog:CheckUpdate finish: new version:9
[17400:13152:0206/102951.103:WARNING:t_skinfilemap.cpp(63)] SGRenderLog:CheckUpdate newMem.OpenMem Suc, szNewMem:Local\sgime_skin.Dpi144.v9.filemap.sogouime
[17400:13152:0206/102951.103:WARNING:t_skinfilemap.cpp(65)] SGRenderLog:CheckUpdate finish: old version:9
[17400:13152:0206/102951.104:WARNING:t_skinfilemap.cpp(67)] SGRenderLog:CheckUpdate finish: new version:9
[17400:13152:0206/102951.578:WARNING:t_skinfilemap.cpp(63)] SGRenderLog:CheckUpdate newMem.OpenMem Suc, szNewMem:Local\sgime_skin.v9.filemap.sogouime
[17400:13152:0206/102951.578:WARNING:t_skinfilemap.cpp(65)] SGRenderLog:CheckUpdate finish: old version:9
[17400:13152:0206/102951.578:WARNING:t_skinfilemap.cpp(67)] SGRenderLog:CheckUpdate finish: new version:9
